{
  "openapi": "3.0.3",
  "info": {
    "title": "Catsbook API",
    "version": ""
  },
  "paths": {
    "/cats": {
      "get": {
        "responses": {
          "200": {
            "description": "",
            "content": {
              "application/json": {
                "schema": {
                  "$ref": "#/components/schemas/cat"
                }
              }
            }
          }
        },
        "tags": [
          "/cats"
        ]
      }
    }
  },
  "components": {
    "schemas": {
      "cat": {
        "type": "object",
        "properties": {
          "id": {
            "type": "integer",
            "example": 123
          },
          "name": {
            "type": "string",
            "example": "Tom"
          }
        },
        "required": [
          "id"
        ],
        "additionalProperties": false
      },
      "dog": {
        "type": "object",
        "properties": {
          "id": {
            "type": "integer",
            "example": 1
          },
          "name": {
            "type": "string",
            "example": "Doggy"
          }
        },
        "required": [
          "id",
          "name"
        ],
        "additionalProperties": false
      }
    }
  }
}